// Vitest Snapshot v1, https://vitest.dev/guide/snapshot.html

exports[`routeConstants > matches the snapshot 1`] = `
{
  "DEBUG_ROUTE": "/debug",
  "FB_ADMIN_DASHBOARD_ROUTE": "/firebase-admin-auth/dashboard",
  "FB_ADMIN_HOME_ROUTE": "/firebase-admin-auth",
  "FB_ADMIN_SIGN_IN_ROUTE": "/firebase-admin-auth/signin",
  "FB_CLIENT_DASHBOARD_ROUTE": "/firebase-client-auth/dashboard",
  "FB_CLIENT_HOME_ROUTE": "/firebase-client-auth",
  "FB_CLIENT_SIGN_IN_ROUTE": "/firebase-client-auth/signin",
  "FB_CLIENT_VERIFY_ROUTE": "/firebase-client-auth/verify",
  "HOME_ROUTE": "/",
}
`;
